Archive member included to satisfy reference by file (symbol)

c:/nxp/mcuxpressoide_10.2.0_759/ide/tools/bin/../lib/gcc/arm-none-eabi/7.2.1/../../../../arm-none-eabi/lib/thumb/v7e-m/fpv4-sp/hard\libcr_c.a(fpprintf.o)
                              ./source/gpio.o (printf)
c:/nxp/mcuxpressoide_10.2.0_759/ide/tools/bin/../lib/gcc/arm-none-eabi/7.2.1/../../../../arm-none-eabi/lib/thumb/v7e-m/fpv4-sp/hard\libcr_c.a(printf.o)
                              c:/nxp/mcuxpressoide_10.2.0_759/ide/tools/bin/../lib/gcc/arm-none-eabi/7.2.1/../../../../arm-none-eabi/lib/thumb/v7e-m/fpv4-sp/hard\libcr_c.a(fpprintf.o) (__vfprintf)
c:/nxp/mcuxpressoide_10.2.0_759/ide/tools/bin/../lib/gcc/arm-none-eabi/7.2.1/../../../../arm-none-eabi/lib/thumb/v7e-m/fpv4-sp/hard\libcr_c.a(strlen.o)
                              c:/nxp/mcuxpressoide_10.2.0_759/ide/tools/bin/../lib/gcc/arm-none-eabi/7.2.1/../../../../arm-none-eabi/lib/thumb/v7e-m/fpv4-sp/hard\libcr_c.a(printf.o) (strlen)
c:/nxp/mcuxpressoide_10.2.0_759/ide/tools/bin/../lib/gcc/arm-none-eabi/7.2.1/../../../../arm-none-eabi/lib/thumb/v7e-m/fpv4-sp/hard\libcr_c.a(memset.o)
                              c:/nxp/mcuxpressoide_10.2.0_759/ide/tools/bin/../lib/gcc/arm-none-eabi/7.2.1/../../../../arm-none-eabi/lib/thumb/v7e-m/fpv4-sp/hard\libcr_c.a(fpprintf.o) (memset)
c:/nxp/mcuxpressoide_10.2.0_759/ide/tools/bin/../lib/gcc/arm-none-eabi/7.2.1/../../../../arm-none-eabi/lib/thumb/v7e-m/fpv4-sp/hard\libcr_c.a(_deferredlazyseek.o)
                              c:/nxp/mcuxpressoide_10.2.0_759/ide/tools/bin/../lib/gcc/arm-none-eabi/7.2.1/../../../../arm-none-eabi/lib/thumb/v7e-m/fpv4-sp/hard\libcr_c.a(fpprintf.o) (__flsbuf)
c:/nxp/mcuxpressoide_10.2.0_759/ide/tools/bin/../lib/gcc/arm-none-eabi/7.2.1/../../../../arm-none-eabi/lib/thumb/v7e-m/fpv4-sp/hard\libcr_c.a(_fflush.o)
                              c:/nxp/mcuxpressoide_10.2.0_759/ide/tools/bin/../lib/gcc/arm-none-eabi/7.2.1/../../../../arm-none-eabi/lib/thumb/v7e-m/fpv4-sp/hard\libcr_c.a(_deferredlazyseek.o) (_fflush)
c:/nxp/mcuxpressoide_10.2.0_759/ide/tools/bin/../lib/gcc/arm-none-eabi/7.2.1/../../../../arm-none-eabi/lib/thumb/v7e-m/fpv4-sp/hard\libcr_c.a(_frexpl.o)
                              c:/nxp/mcuxpressoide_10.2.0_759/ide/tools/bin/../lib/gcc/arm-none-eabi/7.2.1/../../../../arm-none-eabi/lib/thumb/v7e-m/fpv4-sp/hard\libcr_c.a(fpprintf.o) (_frexpl)
c:/nxp/mcuxpressoide_10.2.0_759/ide/tools/bin/../lib/gcc/arm-none-eabi/7.2.1/../../../../arm-none-eabi/lib/thumb/v7e-m/fpv4-sp/hard\libcr_c.a(_ldexpl.o)
                              c:/nxp/mcuxpressoide_10.2.0_759/ide/tools/bin/../lib/gcc/arm-none-eabi/7.2.1/../../../../arm-none-eabi/lib/thumb/v7e-m/fpv4-sp/hard\libcr_c.a(fpprintf.o) (_ldexpl)
c:/nxp/mcuxpressoide_10.2.0_759/ide/tools/bin/../lib/gcc/arm-none-eabi/7.2.1/../../../../arm-none-eabi/lib/thumb/v7e-m/fpv4-sp/hard\libcr_c.a(_writebuf.o)
                              c:/nxp/mcuxpressoide_10.2.0_759/ide/tools/bin/../lib/gcc/arm-none-eabi/7.2.1/../../../../arm-none-eabi/lib/thumb/v7e-m/fpv4-sp/hard\libcr_c.a(_deferredlazyseek.o) (_Cwritebuf)
c:/nxp/mcuxpressoide_10.2.0_759/ide/tools/bin/../lib/gcc/arm-none-eabi/7.2.1/../../../../arm-none-eabi/lib/thumb/v7e-m/fpv4-sp/hard\libcr_c.a(alloc.o)
                              c:/nxp/mcuxpressoide_10.2.0_759/ide/tools/bin/../lib/gcc/arm-none-eabi/7.2.1/../../../../arm-none-eabi/lib/thumb/v7e-m/fpv4-sp/hard\libcr_c.a(fpprintf.o) (malloc)
c:/nxp/mcuxpressoide_10.2.0_759/ide/tools/bin/../lib/gcc/arm-none-eabi/7.2.1/../../../../arm-none-eabi/lib/thumb/v7e-m/fpv4-sp/hard\libcr_c.a(errno.o)
                              c:/nxp/mcuxpressoide_10.2.0_759/ide/tools/bin/../lib/gcc/arm-none-eabi/7.2.1/../../../../arm-none-eabi/lib/thumb/v7e-m/fpv4-sp/hard\libcr_c.a(_ldexpl.o) (errno)
c:/nxp/mcuxpressoide_10.2.0_759/ide/tools/bin/../lib/gcc/arm-none-eabi/7.2.1/../../../../arm-none-eabi/lib/thumb/v7e-m/fpv4-sp/hard\libcr_c.a(fseek.o)
                              c:/nxp/mcuxpressoide_10.2.0_759/ide/tools/bin/../lib/gcc/arm-none-eabi/7.2.1/../../../../arm-none-eabi/lib/thumb/v7e-m/fpv4-sp/hard\libcr_c.a(_deferredlazyseek.o) (fseek)
c:/nxp/mcuxpressoide_10.2.0_759/ide/tools/bin/../lib/gcc/arm-none-eabi/7.2.1/../../../../arm-none-eabi/lib/thumb/v7e-m/fpv4-sp/hard\libcr_c.a(ftell.o)
                              c:/nxp/mcuxpressoide_10.2.0_759/ide/tools/bin/../lib/gcc/arm-none-eabi/7.2.1/../../../../arm-none-eabi/lib/thumb/v7e-m/fpv4-sp/hard\libcr_c.a(fseek.o) (ftell)
c:/nxp/mcuxpressoide_10.2.0_759/ide/tools/bin/../lib/gcc/arm-none-eabi/7.2.1/../../../../arm-none-eabi/lib/thumb/v7e-m/fpv4-sp/hard\libcr_c.a(memcpy.o)
                              c:/nxp/mcuxpressoide_10.2.0_759/ide/tools/bin/../lib/gcc/arm-none-eabi/7.2.1/../../../../arm-none-eabi/lib/thumb/v7e-m/fpv4-sp/hard\libcr_c.a(alloc.o) (memcpy)
c:/nxp/mcuxpressoide_10.2.0_759/ide/tools/bin/../lib/gcc/arm-none-eabi/7.2.1/../../../../arm-none-eabi/lib/thumb/v7e-m/fpv4-sp/hard\libcr_c.a(__init_alloc.o)
[...]
Memory Configuration

Name             Origin             Length             Attributes
PROGRAM_FLASH    0x00000000         0x00100000         xr
SRAM_UPPER       0x20000000         0x00030000         xrw
SRAM_LOWER       0x1fff0000         0x00010000         xrw
FLEX_RAM         0x14000000         0x00001000         xrw
*default*        0x00000000         0xffffffff

Linker script and memory map

LOAD ./source/App.o
LOAD ./source/DRV_MCP25625.o
LOAD ./source/FXOS8700CQ.o
LOAD ./source/SPI_DRV.o
LOAD ./source/SysTick.o
LOAD ./source/gpio.o
LOAD ./source/i2cm.o
LOAD ./source/timer.o
LOAD ./source/uart_drv.o
LOAD ./SDK/startup/hardware.o
LOAD ./SDK/startup/main.o
LOAD ./SDK/startup/semihost_hardfault.o
LOAD ./SDK/startup/startup_mk64f12.o
LOAD ./SDK/CMSIS/system_MK64F12.o
START GROUP
LOAD c:/nxp/mcuxpressoide_10.2.0_759/ide/tools/bin/../lib/gcc/arm-none-eabi/7.2.1/../../../../arm-none-eabi/lib/thumb/v7e-m/fpv4-sp/hard\libcr_semihost.a
LOAD c:/nxp/mcuxpressoide_10.2.0_759/ide/tools/bin/../lib/gcc/arm-none-eabi/7.2.1/../../../../arm-none-eabi/lib/thumb/v7e-m/fpv4-sp/hard\libcr_c.a
LOAD c:/nxp/mcuxpressoide_10.2.0_759/ide/tools/bin/../lib/gcc/arm-none-eabi/7.2.1/thumb/v7e-m/fpv4-sp/hard\libcr_eabihelpers.a
END GROUP
                0x00000000                __base_PROGRAM_FLASH = 0x0
                0x00000000                __base_Flash = 0x0
                0x00100000                __top_PROGRAM_FLASH = 0x100000
                0x00100000                __top_Flash = 0x100000
                0x20000000                __base_SRAM_UPPER = 0x20000000
                0x20000000                __base_RAM = 0x20000000
                0x20030000                __top_SRAM_UPPER = 0x20030000
                0x20030000                __top_RAM = 0x20030000
                0x1fff0000                __base_SRAM_LOWER = 0x1fff0000
                0x1fff0000                __base_RAM2 = 0x1fff0000
                0x20000000                __top_SRAM_LOWER = 0x20000000
                0x20000000                __top_RAM2 = 0x20000000
                0x14000000                __base_FLEX_RAM = 0x14000000
                0x14000000                __base_RAM3 = 0x14000000
                0x14001000                __top_FLEX_RAM = 0x14001000
                0x14001000                __top_RAM3 = 0x14001000

.text           0x00000000     0x1ed0
 FILL mask 0xff
                0x00000000                __vectors_start__ = ABSOLUTE (.)
 *(SORT_BY_ALIGNMENT(.isr_vector))
 .isr_vector    0x00000000      0x198 ./SDK/startup/startup_mk64f12.o
                0x00000000                g_pfnVectors
                0x00000000                __Vectors
                0x00000198                . = ALIGN (0x4)
                0x00000198                __section_table_start = .
                0x00000198                __data_section_table = .
                0x00000198        0x4 LONG 0x1ed0 LOADADDR (.data)
                0x0000019c        0x4 LONG 0x20000000 ADDR (.data)
                0x000001a0        0x4 LONG 0x7f8 SIZEOF (.data)
                0x000001a4        0x4 LONG 0x1ed0 LOADADDR (.data_RAM2)
                0x000001a8        0x4 LONG 0x1fff0000 ADDR (.data_RAM2)
                0x000001ac        0x4 LONG 0x0 SIZEOF (.data_RAM2)
                0x000001b0        0x4 LONG 0x1ed0 LOADADDR (.data_RAM3)
                0x000001b4        0x4 LONG 0x14000000 ADDR (.data_RAM3)
                0x000001b8        0x4 LONG 0x0 SIZEOF (.data_RAM3)
                0x000001bc                __data_section_table_end = .
                0x000001bc                __bss_section_table = .
                0x000001bc        0x4 LONG 0x200007f8 ADDR (.bss)
                0x000001c0        0x4 LONG 0x3e0 SIZEOF (.bss)
                0x000001c4        0x4 LONG 0x1fff0000 ADDR (.bss_RAM2)
                0x000001c8        0x4 LONG 0x0 SIZEOF (.bss_RAM2)
                0x000001cc        0x4 LONG 0x14000000 ADDR (.bss_RAM3)
                0x000001d0        0x4 LONG 0x0 SIZEOF (.bss_RAM3)
                0x000001d4                __bss_section_table_end = .
                0x000001d4                __section_table_end = .
 *(SORT_BY_ALIGNMENT(.after_vectors*))
 .after_vectors.reset
                0x000001d4       0x4c ./SDK/startup/startup_mk64f12.o
                0x000001d4                ResetISR
 .after_vectors.init_data
                0x00000220       0x1e ./SDK/startup/startup_mk64f12.o
                0x00000220                data_init
 .after_vectors.init_bss
                0x0000023e       0x12 ./SDK/startup/startup_mk64f12.o
                0x0000023e                bss_init
 .after_vectors
                0x00000250       0x14 ./SDK/startup/startup_mk64f12.o
                0x00000250                NMI_Handler
                0x00000254                MemManage_Handler
                0x00000256                BusFault_Handler
                0x00000258                UsageFault_Handler
                0x0000025a                SVC_Handler
                0x0000025c                DebugMon_Handler
                0x0000025e                PendSV_Handler
                0x00000262                DMA_Error_DriverIRQHandler
                0x00000262                LPTMR0_DriverIRQHandler
                0x00000262                FTM1_DriverIRQHandler
                0x00000262                FTM2_DriverIRQHandler
                0x00000262                PIT2_DriverIRQHandler
                0x00000262                SDHC_DriverIRQHandler
                0x00000262                I2S0_Tx_DriverIRQHandler
                0x00000262                RTC_Seconds_DriverIRQHandler
                0x00000262                DMA6_DriverIRQHandler
                0x00000262                LLWU_DriverIRQHandler
                0x00000262                MCM_DriverIRQHandler
                0x00000262                MCG_DriverIRQHandler
                0x00000262                ENET_1588_Timer_DriverIRQHandler
                0x00000262                I2C2_DriverIRQHandler
                0x00000262                DAC1_DriverIRQHandler
                0x00000262                SPI1_DriverIRQHandler
                0x00000262                CMP1_DriverIRQHandler
                0x00000262                UART5_RX_TX_DriverIRQHandler
                0x00000262                FTM0_DriverIRQHandler
                0x00000262                IntDefaultHandler
                0x00000262                USB0_DriverIRQHandler
                0x00000262                UART5_ERR_DriverIRQHandler
                0x00000262                PORTC_DriverIRQHandler
                0x00000262                DMA11_DriverIRQHandler
                0x00000262                DAC0_DriverIRQHandler
                0x00000262                DMA10_DriverIRQHandler
                0x00000262                CMP2_DriverIRQHandler
                0x00000262                UART2_ERR_DriverIRQHandler
                0x00000262                SPI2_DriverIRQHandler
                0x00000262                LVD_LVW_DriverIRQHandler
                0x00000262                PIT0_DriverIRQHandler
                0x00000262                RNG_DriverIRQHandler
                0x00000262                DMA5_DriverIRQHandler
                0x00000262                DMA12_DriverIRQHandler
                0x00000262                UART2_RX_TX_DriverIRQHandler
                0x00000262                USBDCD_DriverIRQHandler
                0x00000262                UART3_ERR_DriverIRQHandler
                0x00000262                DMA3_DriverIRQHandler
                0x00000262                DMA8_DriverIRQHandler
                0x00000262                DMA9_DriverIRQHandler
                0x00000262                UART0_ERR_DriverIRQHandler
                0x00000262                CMT_DriverIRQHandler
                0x00000262                Reserved71_DriverIRQHandler
                0x00000262                ADC1_DriverIRQHandler
                0x00000262                PORTA_DriverIRQHandler
                0x00000262                DMA14_DriverIRQHandler
                0x00000262                PIT3_DriverIRQHandler
                0x00000262                PIT1_DriverIRQHandler
                0x00000262                WDOG_EWM_DriverIRQHandler
                0x00000262                PDB0_DriverIRQHandler
                0x00000262                RTC_DriverIRQHandler
                0x00000262                I2S0_Rx_DriverIRQHandler
                0x00000262                Read_Collision_DriverIRQHandler
                0x00000262                SWI_DriverIRQHandler
                0x00000262                UART4_RX_TX_DriverIRQHandler
                0x00000262                UART4_ERR_DriverIRQHandler
                0x00000262                PORTB_DriverIRQHandler
                0x00000262                UART0_LON_DriverIRQHandler
                0x00000262                DMA0_DriverIRQHandler
                0x00000262                DMA1_DriverIRQHandler
                0x00000262                I2C1_DriverIRQHandler
                0x00000262                UART3_RX_TX_DriverIRQHandler
                0x00000262                ENET_Receive_DriverIRQHandler
                0x00000262                DMA13_DriverIRQHandler
                0x00000262                ENET_Error_DriverIRQHandler
                0x00000262                DMA15_DriverIRQHandler
                0x00000262                UART0_RX_TX_DriverIRQHandler
                0x00000262                SPI0_DriverIRQHandler
                0x00000262                ADC0_DriverIRQHandler
                0x00000262                CMP0_DriverIRQHandler
                0x00000262                CAN0_DriverIRQHandler
                0x00000262                FTM3_DriverIRQHandler
                0x00000262                DMA4_DriverIRQHandler
                0x00000262                UART1_ERR_DriverIRQHandler
                0x00000262                DMA2_DriverIRQHandler
                0x00000262                ENET_Transmit_DriverIRQHandler
                0x00000262                PORTD_DriverIRQHandler
                0x00000262                PORTE_DriverIRQHandler
                0x00000262                FTFE_DriverIRQHandler
                0x00000262                I2C0_DriverIRQHandler
                0x00000262                DMA7_DriverIRQHandler
                0x00000262                UART1_RX_TX_DriverIRQHandler
                0x00000400                . = 0x400
 *fill*         0x00000264      0x19c ff
                0x00000400                PROVIDE (__FLASH_CONFIG_START__, .)
 *(SORT_BY_ALIGNMENT(.FlashConfig))
 .FlashConfig   0x00000400       0x10 ./SDK/startup/startup_mk64f12.o
                0x00000400                Flash_Config
                0x00000410                PROVIDE (__FLASH_CONFIG_END__, .)
                0x00000001                ASSERT (! ((__FLASH_CONFIG_START__ == __FLASH_CONFIG_END__)), Linker Flash Config Support Enabled, but no .FlashConfig section provided within application)
 *(SORT_BY_ALIGNMENT(.text*))
 .text.App_Init
                0x00000410       0x5c ./source/App.o
                0x00000410                App_Init
 .text.uint16ToAsciiChars
                0x0000046c      0x150 ./source/App.o
                0x0000046c                uint16ToAsciiChars
 .text.package_own_data
                0x000005bc       0x74 ./source/App.o
                0x000005bc                package_own_data
 .text.printUartData
                0x00000630       0x14 ./source/App.o
                0x00000630                printUartData
 .text.accel_mag_init
                0x00000644      0x1d0 ./source/FXOS8700CQ.o
                0x00000644                accel_mag_init
 .text.read_accel_data
                0x00000814       0x3c ./source/FXOS8700CQ.o
                0x00000814                read_accel_data
 .text.is_accel_data_ready
                0x00000850       0xd0 ./source/FXOS8700CQ.o
                0x00000850                is_accel_data_ready
 .text.SysTick_Init
                0x00000920       0x5c ./source/SysTick.o
                0x00000920                SysTick_Init
 .text.SysTick_Handler
                0x0000097c       0x2c ./source/SysTick.o
                0x0000097c                SysTick_Handler
 .text.IRQs_Handler
                0x000009a8       0x20 ./source/gpio.o
                0x000009a8                IRQs_Handler
 .text.Search_ISF
                0x000009c8      0x148 ./source/gpio.o
                0x000009c8                Search_ISF
 .text.PORTA_IRQHandler
                0x00000b10       0x44 ./source/gpio.o
                0x00000b10                PORTA_IRQHandler
 .text.PORTB_IRQHandler
                0x00000b54       0x48 ./source/gpio.o
                0x00000b54                PORTB_IRQHandler
 .text.PORTC_IRQHandler
                0x00000b9c       0x48 ./source/gpio.o
                0x00000b9c                PORTC_IRQHandler
 .text.PORTD_IRQHandler
                0x00000be4       0x48 ./source/gpio.o
                0x00000be4                PORTD_IRQHandler
 .text.PORTE_IRQHandler
                0x00000c2c       0x48 ./source/gpio.o
                0x00000c2c                PORTE_IRQHandler
 .text.__NVIC_EnableIRQ
                0x00000c74       0x3c ./source/i2cm.o
 .text.I2C_init
                0x00000cb0      0x170 ./source/i2cm.o
                0x00000cb0                I2C_init
 .text.i2cSimpleTransaction
                0x00000e20       0xbc ./source/i2cm.o
                0x00000e20                i2cSimpleTransaction
 .text.i2c_repeat_start
                0x00000edc       0xd8 ./source/i2cm.o
                0x00000edc                i2c_repeat_start
 .text.i2c_is_busy
                0x00000fb4       0x34 ./source/i2cm.o
                0x00000fb4                i2c_is_busy
 .text.i2c_write_ok
                0x00000fe8       0x2c ./source/i2cm.o
                0x00000fe8                i2c_write_ok
 .text.I2C0_IRQHandler
                0x00001014      0x1a0 ./source/i2cm.o
                0x00001014                I2C0_IRQHandler
 .text.I2C1_IRQHandler
                0x000011b4      0x16c ./source/i2cm.o
                0x000011b4                I2C1_IRQHandler
 .text.timerInit
                0x00001320       0x28 ./source/timer.o
                0x00001320                timerInit
 .text.timerGetId
                0x00001348       0x5c ./source/timer.o
                0x00001348                timerGetId
 .text.timerStart
                0x000013a4      0x130 ./source/timer.o
                0x000013a4                timerStart
 .text.timer_isr
                0x000014d4       0xf4 ./source/timer.o
 .text.__NVIC_EnableIRQ
                0x000015c8       0x3c ./source/uart_drv.o
 .text.__NVIC_SetPriority
                0x00001604       0x54 ./source/uart_drv.o
 .text.UART_Init
                0x00001658      0x120 ./source/uart_drv.o
                0x00001658                UART_Init
 .text.enable_UART_int
                0x00001778       0x24 ./source/uart_drv.o
                0x00001778                enable_UART_int
 .text.disable_UART_int
                0x0000179c       0x24 ./source/uart_drv.o
                0x0000179c                disable_UART_int
 .text.UART0_RX_TX_IRQHandler
                0x000017c0      0x100 ./source/uart_drv.o
                0x000017c0                UART0_RX_TX_IRQHandler
 .text.UART0_ERR_IRQHandler
                0x000018c0       0x48 ./source/uart_drv.o
                0x000018c0                UART0_ERR_IRQHandler
 .text.UART_SetBaudRate
                0x00001908       0xb8 ./source/uart_drv.o
                0x00001908                UART_SetBaudRate
 .text.UART_Send_Data
                0x000019c0       0x80 ./source/uart_drv.o
                0x000019c0                UART_Send_Data
 .text.hw_Init  0x00001a40      0x10c ./SDK/startup/hardware.o
                0x00001a40                hw_Init
 .text.SystemInit
                0x00001b4c       0x3c ./SDK/CMSIS/system_MK64F12.o
                0x00001b4c                SystemInit
 .text.App_Run  0x00001b88        0xc ./source/App.o
                0x00001b88                App_Run
 .text.raw_2_angles
                0x00001b94       0x38 ./source/FXOS8700CQ.o
                0x00001b94                raw_2_angles
 .text.delay    0x00001bcc       0x24 ./source/FXOS8700CQ.o
 .text.resetDelay
                0x00001bf0       0x26 ./source/FXOS8700CQ.o
 .text.main     0x00001c16       0x12 ./SDK/startup/main.o
                0x00001c16                main
 .text.HardFault_Handler
                0x00001c28       0x2c ./SDK/startup/semihost_hardfault.o
                0x00001c28                HardFault_Handler
 .text.DMA0_IRQHandler
                0x00001c54        0x8 ./SDK/startup/startup_mk64f12.o
                0x00001c54                DMA0_IRQHandler
 .text.DMA1_IRQHandler
                0x00001c5c        0x8 ./SDK/startup/startup_mk64f12.o
                0x00001c5c                DMA1_IRQHandler
 .text.DMA2_IRQHandler
                0x00001c64        0x8 ./SDK/startup/startup_mk64f12.o
                0x00001c64                DMA2_IRQHandler
 .text.DMA3_IRQHandler
                0x00001c6c        0x8 ./SDK/startup/startup_mk64f12.o
                0x00001c6c                DMA3_IRQHandler
 .text.DMA4_IRQHandler
                0x00001c74        0x8 ./SDK/startup/startup_mk64f12.o
                0x00001c74                DMA4_IRQHandler
 .text.DMA5_IRQHandler
                0x00001c7c        0x8 ./SDK/startup/startup_mk64f12.o
                0x00001c7c                DMA5_IRQHandler
 .text.DMA6_IRQHandler
                0x00001c84        0x8 ./SDK/startup/startup_mk64f12.o
                0x00001c84                DMA6_IRQHandler
 .text.DMA7_IRQHandler
                0x00001c8c        0x8 ./SDK/startup/startup_mk64f12.o
                0x00001c8c                DMA7_IRQHandler
 .text.DMA8_IRQHandler
                0x00001c94        0x8 ./SDK/startup/startup_mk64f12.o
                0x00001c94                DMA8_IRQHandler
 .text.DMA9_IRQHandler
                0x00001c9c        0x8 ./SDK/startup/startup_mk64f12.o
                0x00001c9c                DMA9_IRQHandler
 .text.DMA10_IRQHandler
                0x00001ca4        0x8 ./SDK/startup/startup_mk64f12.o
                0x00001ca4                DMA10_IRQHandler
 .text.DMA11_IRQHandler
                0x00001cac        0x8 ./SDK/startup/startup_mk64f12.o
                0x00001cac                DMA11_IRQHandler
 .text.DMA12_IRQHandler
                0x00001cb4        0x8 ./SDK/startup/startup_mk64f12.o
                0x00001cb4                DMA12_IRQHandler
 .text.DMA13_IRQHandler
                0x00001cbc        0x8 ./SDK/startup/startup_mk64f12.o
                0x00001cbc                DMA13_IRQHandler
 .text.DMA14_IRQHandler
                0x00001cc4        0x8 ./SDK/startup/startup_mk64f12.o
                0x00001cc4                DMA14_IRQHandler
 .text.DMA15_IRQHandler
                0x00001ccc        0x8 ./SDK/startup/startup_mk64f12.o
                0x00001ccc                DMA15_IRQHandler
 .text.DMA_Error_IRQHandler
                0x00001cd4        0x8 ./SDK/startup/startup_mk64f12.o
                0x00001cd4                DMA_Error_IRQHandler
 .text.MCM_IRQHandler
                0x00001cdc        0x8 ./SDK/startup/startup_mk64f12.o
                0x00001cdc                MCM_IRQHandler
 .text.FTFE_IRQHandler
                0x00001ce4        0x8 ./SDK/startup/startup_mk64f12.o
                0x00001ce4                FTFE_IRQHandler
 .text.Read_Collision_IRQHandler
                0x00001cec        0x8 ./SDK/startup/startup_mk64f12.o
                0x00001cec                Read_Collision_IRQHandler
 .text.LVD_LVW_IRQHandler
                0x00001cf4        0x8 ./SDK/startup/startup_mk64f12.o
                0x00001cf4                LVD_LVW_IRQHandler
 .text.LLWU_IRQHandler
                0x00001cfc        0x8 ./SDK/startup/startup_mk64f12.o
                0x00001cfc                LLWU_IRQHandler
 .text.WDOG_EWM_IRQHandler
                0x00001d04        0x8 ./SDK/startup/startup_mk64f12.o
                0x00001d04                WDOG_EWM_IRQHandler
 .text.RNG_IRQHandler
                0x00001d0c        0x8 ./SDK/startup/startup_mk64f12.o
                0x00001d0c                RNG_IRQHandler
 .text.SPI0_IRQHandler
                0x00001d14        0x8 ./SDK/startup/startup_mk64f12.o
                0x00001d14                SPI0_IRQHandler
 .text.SPI1_IRQHandler
                0x00001d1c        0x8 ./SDK/startup/startup_mk64f12.o
                0x00001d1c                SPI1_IRQHandler
 .text.I2S0_Tx_IRQHandler
                0x00001d24        0x8 ./SDK/startup/startup_mk64f12.o
                0x00001d24                I2S0_Tx_IRQHandler
 .text.I2S0_Rx_IRQHandler
                0x00001d2c        0x8 ./SDK/startup/startup_mk64f12.o
                0x00001d2c                I2S0_Rx_IRQHandler
 .text.UART0_LON_IRQHandler
                0x00001d34        0x8 ./SDK/startup/startup_mk64f12.o
                0x00001d34                UART0_LON_IRQHandler
 .text.UART1_RX_TX_IRQHandler
                0x00001d3c        0x8 ./SDK/startup/startup_mk64f12.o
                0x00001d3c                UART1_RX_TX_IRQHandler
 .text.UART1_ERR_IRQHandler
                0x00001d44        0x8 ./SDK/startup/startup_mk64f12.o
                0x00001d44                UART1_ERR_IRQHandler
 .text.UART2_RX_TX_IRQHandler
                0x00001d4c        0x8 ./SDK/startup/startup_mk64f12.o
                0x00001d4c                UART2_RX_TX_IRQHandler
 .text.UART2_ERR_IRQHandler
                0x00001d54        0x8 ./SDK/startup/startup_mk64f12.o
                0x00001d54                UART2_ERR_IRQHandler
 .text.UART3_RX_TX_IRQHandler
                0x00001d5c        0x8 ./SDK/startup/startup_mk64f12.o
                0x00001d5c                UART3_RX_TX_IRQHandler
 .text.UART3_ERR_IRQHandler
                0x00001d64        0x8 ./SDK/startup/startup_mk64f12.o
                0x00001d64                UART3_ERR_IRQHandler
 .text.ADC0_IRQHandler
                0x00001d6c        0x8 ./SDK/startup/startup_mk64f12.o
                0x00001d6c                ADC0_IRQHandler
 .text.CMP0_IRQHandler
                0x00001d74        0x8 ./SDK/startup/startup_mk64f12.o
                0x00001d74                CMP0_IRQHandler
 .text.CMP1_IRQHandler
                0x00001d7c        0x8 ./SDK/startup/startup_mk64f12.o
                0x00001d7c                CMP1_IRQHandler
 .text.FTM0_IRQHandler
                0x00001d84        0x8 ./SDK/startup/startup_mk64f12.o
                0x00001d84                FTM0_IRQHandler
 .text.FTM1_IRQHandler
                0x00001d8c        0x8 ./SDK/startup/startup_mk64f12.o
                0x00001d8c                FTM1_IRQHandler
 .text.FTM2_IRQHandler
                0x00001d94        0x8 ./SDK/startup/startup_mk64f12.o
                0x00001d94                FTM2_IRQHandler
 .text.CMT_IRQHandler
                0x00001d9c        0x8 ./SDK/startup/startup_mk64f12.o
                0x00001d9c                CMT_IRQHandler
 .text.RTC_IRQHandler
                0x00001da4        0x8 ./SDK/startup/startup_mk64f12.o
                0x00001da4                RTC_IRQHandler
 .text.RTC_Seconds_IRQHandler
                0x00001dac        0x8 ./SDK/startup/startup_mk64f12.o
                0x00001dac                RTC_Seconds_IRQHandler
 .text.PIT0_IRQHandler
                0x00001db4        0x8 ./SDK/startup/startup_mk64f12.o
                0x00001db4                PIT0_IRQHandler
 .text.PIT1_IRQHandler
                0x00001dbc        0x8 ./SDK/startup/startup_mk64f12.o
                0x00001dbc                PIT1_IRQHandler
 .text.PIT2_IRQHandler
                0x00001dc4        0x8 ./SDK/startup/startup_mk64f12.o
                0x00001dc4                PIT2_IRQHandler
 .text.PIT3_IRQHandler
                0x00001dcc        0x8 ./SDK/startup/startup_mk64f12.o
                0x00001dcc                PIT3_IRQHandler
 .text.PDB0_IRQHandler
                0x00001dd4        0x8 ./SDK/startup/startup_mk64f12.o
                0x00001dd4                PDB0_IRQHandler
 .text.USB0_IRQHandler
                0x00001ddc        0x8 ./SDK/startup/startup_mk64f12.o
                0x00001ddc                USB0_IRQHandler
 .text.USBDCD_IRQHandler
                0x00001de4        0x8 ./SDK/startup/startup_mk64f12.o
                0x00001de4                USBDCD_IRQHandler
 .text.Reserved71_IRQHandler
                0x00001dec        0x8 ./SDK/startup/startup_mk64f12.o
                0x00001dec                Reserved71_IRQHandler
 .text.DAC0_IRQHandler
                0x00001df4        0x8 ./SDK/startup/startup_mk64f12.o
                0x00001df4                DAC0_IRQHandler
 .text.MCG_IRQHandler
                0x00001dfc        0x8 ./SDK/startup/startup_mk64f12.o
                0x00001dfc                MCG_IRQHandler
 .text.LPTMR0_IRQHandler
                0x00001e04        0x8 ./SDK/startup/startup_mk64f12.o
                0x00001e04                LPTMR0_IRQHandler
 .text.SWI_IRQHandler
                0x00001e0c        0x8 ./SDK/startup/startup_mk64f12.o
                0x00001e0c                SWI_IRQHandler
 .text.SPI2_IRQHandler
                0x00001e14        0x8 ./SDK/startup/startup_mk64f12.o
                0x00001e14                SPI2_IRQHandler
 .text.UART4_RX_TX_IRQHandler
                0x00001e1c        0x8 ./SDK/startup/startup_mk64f12.o
                0x00001e1c                UART4_RX_TX_IRQHandler
 .text.UART4_ERR_IRQHandler
                0x00001e24        0x8 ./SDK/startup/startup_mk64f12.o
                0x00001e24                UART4_ERR_IRQHandler
 .text.UART5_RX_TX_IRQHandler
                0x00001e2c        0x8 ./SDK/startup/startup_mk64f12.o
                0x00001e2c                UART5_RX_TX_IRQHandler
 .text.UART5_ERR_IRQHandler
                0x00001e34        0x8 ./SDK/startup/startup_mk64f12.o
                0x00001e34                UART5_ERR_IRQHandler
 .text.CMP2_IRQHandler
                0x00001e3c        0x8 ./SDK/startup/startup_mk64f12.o
                0x00001e3c                CMP2_IRQHandler
 .text.FTM3_IRQHandler
                0x00001e44        0x8 ./SDK/startup/startup_mk64f12.o
                0x00001e44                FTM3_IRQHandler
 .text.DAC1_IRQHandler
                0x00001e4c        0x8 ./SDK/startup/startup_mk64f12.o
                0x00001e4c                DAC1_IRQHandler
 .text.ADC1_IRQHandler
                0x00001e54        0x8 ./SDK/startup/startup_mk64f12.o
                0x00001e54                ADC1_IRQHandler
 .text.I2C2_IRQHandler
                0x00001e5c        0x8 ./SDK/startup/startup_mk64f12.o
                0x00001e5c                I2C2_IRQHandler
 .text.CAN0_ORed_Message_buffer_IRQHandler
                0x00001e64        0x8 ./SDK/startup/startup_mk64f12.o
                0x00001e64                CAN0_ORed_Message_buffer_IRQHandler
 .text.CAN0_Bus_Off_IRQHandler
                0x00001e6c        0x8 ./SDK/startup/startup_mk64f12.o
                0x00001e6c                CAN0_Bus_Off_IRQHandler
 .text.CAN0_Error_IRQHandler
                0x00001e74        0x8 ./SDK/startup/startup_mk64f12.o
                0x00001e74                CAN0_Error_IRQHandler
 .text.CAN0_Tx_Warning_IRQHandler
                0x00001e7c        0x8 ./SDK/startup/startup_mk64f12.o
                0x00001e7c                CAN0_Tx_Warning_IRQHandler
 .text.CAN0_Rx_Warning_IRQHandler
                0x00001e84        0x8 ./SDK/startup/startup_mk64f12.o
                0x00001e84                CAN0_Rx_Warning_IRQHandler
 .text.CAN0_Wake_Up_IRQHandler
                0x00001e8c        0x8 ./SDK/startup/startup_mk64f12.o
                0x00001e8c                CAN0_Wake_Up_IRQHandler
 .text.SDHC_IRQHandler
                0x00001e94        0x8 ./SDK/startup/startup_mk64f12.o
                0x00001e94                SDHC_IRQHandler
 .text.ENET_1588_Timer_IRQHandler
                0x00001e9c        0x8 ./SDK/startup/startup_mk64f12.o
                0x00001e9c                ENET_1588_Timer_IRQHandler
 .text.ENET_Transmit_IRQHandler
                0x00001ea4        0x8 ./SDK/startup/startup_mk64f12.o
                0x00001ea4                ENET_Transmit_IRQHandler
 .text.ENET_Receive_IRQHandler
                0x00001eac        0x8 ./SDK/startup/startup_mk64f12.o
                0x00001eac                ENET_Receive_IRQHandler
 .text.ENET_Error_IRQHandler
                0x00001eb4        0x8 ./SDK/startup/startup_mk64f12.o
                0x00001eb4                ENET_Error_IRQHandler
 .text.SystemInitHook
                0x00001ebc        0xe ./SDK/CMSIS/system_MK64F12.o
                0x00001ebc                SystemInitHook
 *(SORT_BY_ALIGNMENT(.rodata) SORT_BY_ALIGNMENT(.rodata.*) SORT_BY_ALIGNMENT(.constdata) SORT_BY_ALIGNMENT(.constdata.*))
                0x00001ed0                . = ALIGN (0x8)
 *fill*         0x00001eca        0x6 ff

.glue_7         0x00001ed0        0x0
 .glue_7        0x00001ed0        0x0 linker stubs

.glue_7t        0x00001ed0        0x0
 .glue_7t       0x00001ed0        0x0 linker stubs

.vfp11_veneer   0x00001ed0        0x0
 .vfp11_veneer  0x00001ed0        0x0 linker stubs

.v4_bx          0x00001ed0        0x0
 .v4_bx         0x00001ed0        0x0 linker stubs

.iplt           0x00001ed0        0x0
 .iplt          0x00001ed0        0x0 ./source/App.o

.rel.dyn        0x00001ed0        0x0
 .rel.iplt      0x00001ed0        0x0 ./source/App.o

.ARM.extab
 *(SORT_BY_ALIGNMENT(.ARM.extab*) SORT_BY_ALIGNMENT(.gnu.linkonce.armextab.*))
                0x00001ed0                __exidx_start = .

.ARM.exidx
 *(SORT_BY_ALIGNMENT(.ARM.exidx*) SORT_BY_ALIGNMENT(.gnu.linkonce.armexidx.*))
                0x00001ed0                __exidx_end = .
                0x00001ed0                _etext = .

.m_usb_data
 *(SORT_BY_ALIGNMENT(m_usb_bdt))

.data_RAM2      0x1fff0000        0x0 load address 0x00001ed0
 FILL mask 0xff
                [!provide]                PROVIDE (__start_data_RAM2, .)
 *(SORT_BY_ALIGNMENT(.ramfunc.$RAM2))
 *(SORT_BY_ALIGNMENT(.ramfunc.$SRAM_LOWER))
 *(SORT_BY_ALIGNMENT(.data.$RAM2*))
 *(SORT_BY_ALIGNMENT(.data.$SRAM_LOWER*))
                0x1fff0000                . = ALIGN (0x8)
                [!provide]                PROVIDE (__end_data_RAM2, .)

.data_RAM3      0x14000000        0x0 load address 0x00001ed0
 FILL mask 0xff
                [!provide]                PROVIDE (__start_data_RAM3, .)
 *(SORT_BY_ALIGNMENT(.ramfunc.$RAM3))
 *(SORT_BY_ALIGNMENT(.ramfunc.$FLEX_RAM))
 *(SORT_BY_ALIGNMENT(.data.$RAM3*))
 *(SORT_BY_ALIGNMENT(.data.$FLEX_RAM*))
                0x14000000                . = ALIGN (0x8)
                [!provide]                PROVIDE (__end_data_RAM3, .)

.uninit_RESERVED
                0x20000000        0x0
 *(SORT_BY_ALIGNMENT(.bss.$RESERVED*))
                0x20000000                . = ALIGN (0x4)
                0x20000000                _end_uninit_RESERVED = .

.data           0x20000000      0x7f8 load address 0x00001ed0
 FILL mask 0xff
                0x20000000                _data = .
 *(SORT_BY_ALIGNMENT(vtable))
 *(SORT_BY_ALIGNMENT(.ramfunc*))
 *(SORT_BY_ALIGNMENT(.data*))
 .data.I2C_x    0x20000000        0x8 ./source/i2cm.o
 .data.outBuffer
                0x20000008      0x3f4 ./source/uart_drv.o
 .data.inBuffer
                0x200003fc      0x3f4 ./source/uart_drv.o
 .data.address_cycle.7515
                0x200007f0        0x1 ./source/i2cm.o
 .data.timers_cant
                0x200007f1        0x1 ./source/timer.o
                0x200007f8                . = ALIGN (0x8)
 *fill*         0x200007f2        0x6 ff
                0x200007f8                _edata = .

.igot.plt       0x200007f8        0x0 load address 0x000026c8
 .igot.plt      0x200007f8        0x0 ./source/App.o

.bss_RAM2       0x1fff0000        0x0
                [!provide]                PROVIDE (__start_bss_RAM2, .)
 *(SORT_BY_ALIGNMENT(.bss.$RAM2*))
 *(SORT_BY_ALIGNMENT(.bss.$SRAM_LOWER*))
                0x1fff0000                . = ALIGN ((. != 0x0)?0x8:0x1)
                [!provide]                PROVIDE (__end_bss_RAM2, .)

.bss_RAM3       0x14000000        0x0
                [!provide]                PROVIDE (__start_bss_RAM3, .)
 *(SORT_BY_ALIGNMENT(.bss.$RAM3*))
 *(SORT_BY_ALIGNMENT(.bss.$FLEX_RAM*))
                0x14000000                . = ALIGN ((. != 0x0)?0x8:0x1)
                [!provide]                PROVIDE (__end_bss_RAM3, .)

.bss            0x200007f8      0x3e0
                0x200007f8                _bss = .
 *(SORT_BY_ALIGNMENT(.bss*))
 .bss.numerstring
                0x200007f8        0xf ./source/App.o
                0x200007f8                numerstring
 *fill*         0x20000807        0x1 
 .bss.accel.8657
                0x20000808        0x6 ./source/App.o
 *fill*         0x2000080e        0x2 
 .bss.magn.8658
                0x20000810        0x6 ./source/App.o
 *fill*         0x20000816        0x2 
 .bss.angs.8659
                0x20000818        0x6 ./source/App.o
 *fill*         0x2000081e        0x2 
 .bss.Buffer    0x20000820        0xd ./source/FXOS8700CQ.o
 *fill*         0x2000082d        0x3 
 .bss.prev_ang  0x20000830        0x6 ./source/FXOS8700CQ.o
 *fill*         0x20000836        0x2 
 .bss.callback  0x20000838        0x4 ./source/SysTick.o
                0x20000838                callback
 .bss.CALLBACKS
                0x2000083c      0x280 ./source/gpio.o
 .bss.cant_bytes
                0x20000abc        0x4 ./source/i2cm.o
 .bss.data      0x20000ac0        0x4 ./source/i2cm.o
 .bss.Rdata     0x20000ac4        0x4 ./source/i2cm.o
 .bss.timers    0x20000ac8      0x100 ./source/timer.o
 .bss.reading   0x20000bc8        0x1 ./source/FXOS8700CQ.o
 .bss.databyte.6960
                0x20000bc9        0x1 ./source/FXOS8700CQ.o
 .bss.reg8.6961
                0x20000bca        0x1 ./source/FXOS8700CQ.o
 .bss.reg.6993  0x20000bcb        0x1 ./source/FXOS8700CQ.o
 .bss.yaInit.6772
                0x20000bcc        0x1 ./source/SysTick.o
 .bss.i2c_num   0x20000bcd        0x1 ./source/i2cm.o
 .bss.rw_mode   0x20000bce        0x1 ./source/i2cm.o
 .bss.reg_read  0x20000bcf        0x1 ./source/i2cm.o
 .bss.R_cant_bytes
                0x20000bd0        0x1 ./source/i2cm.o
 .bss.W_error   0x20000bd1        0x1 ./source/i2cm.o
 .bss.dev_address
                0x20000bd2        0x1 ./source/i2cm.o
 .bss.yaInit.5605
                0x20000bd3        0x1 ./source/timer.o
 *(SORT_BY_ALIGNMENT(COMMON))
                0x20000bd8                . = ALIGN (0x8)
 *fill*         0x20000bd4        0x4 
                0x20000bd8                _ebss = .
                [!provide]                PROVIDE (end, .)

.noinit_RAM2    0x1fff0000        0x0
 *(SORT_BY_ALIGNMENT(.noinit.$RAM2*))
 *(SORT_BY_ALIGNMENT(.noinit.$SRAM_LOWER*))
                0x1fff0000                . = ALIGN (0x8)

.noinit_RAM3    0x14000000        0x0
 *(SORT_BY_ALIGNMENT(.noinit.$RAM3*))
 *(SORT_BY_ALIGNMENT(.noinit.$FLEX_RAM*))
                0x14000000                . = ALIGN (0x8)

.noinit         0x20000bd8        0x0
                0x20000bd8                _noinit = .
 *(SORT_BY_ALIGNMENT(.noinit*))
                0x20000bd8                . = ALIGN (0x8)
                0x20000bd8                _end_noinit = .
                0x00001000                _HeapSize = 0x1000

.heap           0x20000bd8     0x1000
                0x20000bd8                _pvHeapStart = .
                0x20001bd8                . = (. + _HeapSize)
 *fill*         0x20000bd8     0x1000 
                0x20001bd8                . = ALIGN (0x8)
                0x20001bd8                _pvHeapLimit = .
                0x00001000                _StackSize = 0x1000

.heap2stackfill
                0x20001bd8     0x1000
                0x20002bd8                . = (. + _StackSize)
 *fill*         0x20001bd8     0x1000 

.stack          0x2002f000        0x0
                0x2002f000                _vStackBase = .
                0x2002f000                . = ALIGN (0x8)
                0x20030000                _vStackTop = (. + _StackSize)
                0x00000000                _image_start = LOADADDR (.text)
                0x000026c8                _image_end = (LOADADDR (.data) + SIZEOF (.data))
                0x000026c8                _image_size = (_image_end - _image_start)
OUTPUT(UART_drv.axf elf32-littlearm)

.debug_info     0x00000000     0x75d6
 .debug_info    0x00000000      0xab6 ./source/App.o
 .debug_info    0x00000ab6      0xb64 ./source/FXOS8700CQ.o
 .debug_info    0x0000161a      0x15f ./source/SysTick.o
 .debug_info    0x00001779     0x15e2 ./source/gpio.o
 .debug_info    0x00002d5b     0x124c ./source/i2cm.o
 .debug_info    0x00003fa7      0xb54 ./source/timer.o
 .debug_info    0x00004afb     0x14c8 ./source/uart_drv.o
 .debug_info    0x00005fc3      0x675 ./SDK/startup/hardware.o
 .debug_info    0x00006638       0xb7 ./SDK/startup/main.o
 .debug_info    0x000066ef       0x3b ./SDK/startup/semihost_hardfault.o
 .debug_info    0x0000672a      0x8b0 ./SDK/startup/startup_mk64f12.o
 .debug_info    0x00006fda      0x5fc ./SDK/CMSIS/system_MK64F12.o

.debug_abbrev   0x00000000     0x1634
 .debug_abbrev  0x00000000      0x274 ./source/App.o
 .debug_abbrev  0x00000274      0x284 ./source/FXOS8700CQ.o
 .debug_abbrev  0x000004f8      0x115 ./source/SysTick.o
 .debug_abbrev  0x0000060d      0x33b ./source/gpio.o
 .debug_abbrev  0x00000948      0x2c4 ./source/i2cm.o
 .debug_abbrev  0x00000c0c      0x2ab ./source/timer.o
 .debug_abbrev  0x00000eb7      0x2fe ./source/uart_drv.o
 .debug_abbrev  0x000011b5      0x138 ./SDK/startup/hardware.o
 .debug_abbrev  0x000012ed       0x7d ./SDK/startup/main.o
 .debug_abbrev  0x0000136a       0x2f ./SDK/startup/semihost_hardfault.o
 .debug_abbrev  0x00001399      0x15c ./SDK/startup/startup_mk64f12.o
 .debug_abbrev  0x000014f5      0x13f ./SDK/CMSIS/system_MK64F12.o

.debug_aranges  0x00000000      0x648
 .debug_aranges
                0x00000000       0x40 ./source/App.o
 .debug_aranges
                0x00000040       0x48 ./source/FXOS8700CQ.o
 .debug_aranges
                0x00000088       0x28 ./source/SysTick.o
 .debug_aranges
                0x000000b0       0xa8 ./source/gpio.o
 .debug_aranges
                0x00000158       0x58 ./source/i2cm.o
 .debug_aranges
                0x000001b0       0x58 ./source/timer.o
 .debug_aranges
                0x00000208       0x70 ./source/uart_drv.o
 .debug_aranges
                0x00000278       0x30 ./SDK/startup/hardware.o
 .debug_aranges
                0x000002a8       0x20 ./SDK/startup/main.o
 .debug_aranges
                0x000002c8       0x20 ./SDK/startup/semihost_hardfault.o
 .debug_aranges
                0x000002e8      0x330 ./SDK/startup/startup_mk64f12.o
 .debug_aranges
                0x00000618       0x30 ./SDK/CMSIS/system_MK64F12.o

.debug_ranges   0x00000000      0x5a0
 .debug_ranges  0x00000000       0x30 ./source/App.o
 .debug_ranges  0x00000030       0x38 ./source/FXOS8700CQ.o
 .debug_ranges  0x00000068       0x18 ./source/SysTick.o
 .debug_ranges  0x00000080       0x98 ./source/gpio.o
 .debug_ranges  0x00000118       0x48 ./source/i2cm.o
 .debug_ranges  0x00000160       0x48 ./source/timer.o
 .debug_ranges  0x000001a8       0x78 ./source/uart_drv.o
 .debug_ranges  0x00000220       0x20 ./SDK/startup/hardware.o
 .debug_ranges  0x00000240       0x10 ./SDK/startup/main.o
 .debug_ranges  0x00000250       0x10 ./SDK/startup/semihost_hardfault.o
 .debug_ranges  0x00000260      0x320 ./SDK/startup/startup_mk64f12.o
 .debug_ranges  0x00000580       0x20 ./SDK/CMSIS/system_MK64F12.o

.debug_macro    0x00000000    0x219dd
 .debug_macro   0x00000000      0x2e0 ./source/App.o
 .debug_macro   0x000002e0      0xa5a ./source/App.o
 .debug_macro   0x00000d3a      0x34e ./source/App.o
 .debug_macro   0x00001088       0x22 ./source/App.o
 .debug_macro   0x000010aa       0x5c ./source/App.o
 .debug_macro   0x00001106       0x1c ./source/App.o
 .debug_macro   0x00001122       0x22 ./source/App.o
 .debug_macro   0x00001144       0xdf ./source/App.o
 .debug_macro   0x00001223      0xecf ./source/App.o
 .debug_macro   0x000020f2       0x48 ./source/App.o
 .debug_macro   0x0000213a     0xe07b ./source/App.o
 .debug_macro   0x000101b5       0x3a ./source/App.o
 .debug_macro   0x000101ef       0x34 ./source/App.o
 .debug_macro   0x00010223       0x10 ./source/App.o
 .debug_macro   0x00010233     0x122b ./source/App.o
 .debug_macro   0x0001145e       0x16 ./source/App.o
 .debug_macro   0x00011474       0x22 ./source/App.o
 .debug_macro   0x00011496       0x52 ./source/App.o
 .debug_macro   0x000114e8       0x17 ./source/App.o
 .debug_macro   0x000114ff       0x8d ./source/App.o
 .debug_macro   0x0001158c       0x35 ./source/App.o
 .debug_macro   0x000115c1       0x9c ./source/App.o
 .debug_macro   0x0001165d      0x174 ./source/App.o
 .debug_macro   0x000117d1       0x57 ./source/App.o
 .debug_macro   0x00011828       0x58 ./source/App.o
 .debug_macro   0x00011880       0x1f ./source/App.o
 .debug_macro   0x0001189f       0x43 ./source/App.o
 .debug_macro   0x000118e2       0x20 ./source/App.o
 .debug_macro   0x00011902      0x18e ./source/App.o
 .debug_macro   0x00011a90      0x32a ./source/App.o
 .debug_macro   0x00011dba       0x10 ./source/App.o
 .debug_macro   0x00011dca       0x35 ./source/App.o
 .debug_macro   0x00011dff       0x16 ./source/App.o
 .debug_macro   0x00011e15       0x16 ./source/App.o
 .debug_macro   0x00011e2b       0x29 ./source/App.o
 .debug_macro   0x00011e54       0x2e ./source/App.o
 .debug_macro   0x00011e82       0x1c ./source/App.o
 .debug_macro   0x00011e9e       0x10 ./source/App.o
 .debug_macro   0x00011eae       0x10 ./source/App.o
 .debug_macro   0x00011ebe       0x6a ./source/App.o
 .debug_macro   0x00011f28       0x1c ./source/App.o
 .debug_macro   0x00011f44       0x52 ./source/App.o
 .debug_macro   0x00011f96       0x40 ./source/App.o
 .debug_macro   0x00011fd6       0x10 ./source/App.o
 .debug_macro   0x00011fe6       0x40 ./source/App.o
 .debug_macro   0x00012026       0xd7 ./source/App.o
 .debug_macro   0x000120fd       0x1c ./source/App.o
 .debug_macro   0x00012119       0x3d ./source/App.o
 .debug_macro   0x00012156       0x16 ./source/App.o
 .debug_macro   0x0001216c      0x16f ./source/App.o
 .debug_macro   0x000122db       0x46 ./source/App.o
 .debug_macro   0x00012321      0x21b ./source/FXOS8700CQ.o
 .debug_macro   0x0001253c       0x16 ./source/FXOS8700CQ.o
 .debug_macro   0x00012552       0x97 ./source/FXOS8700CQ.o
 .debug_macro   0x000125e9      0x330 ./source/FXOS8700CQ.o
 .debug_macro   0x00012919       0xfd ./source/FXOS8700CQ.o
 .debug_macro   0x00012a16       0x10 ./source/FXOS8700CQ.o
 .debug_macro   0x00012a26      0x1e1 ./source/FXOS8700CQ.o
 .debug_macro   0x00012c07       0xb2 ./source/SysTick.o
 .debug_macro   0x00012cb9       0x5c ./source/SysTick.o
 .debug_macro   0x00012d15     0xe07b ./source/SysTick.o
 .debug_macro   0x00020d90      0x26e ./source/gpio.o
 .debug_macro   0x00020ffe       0x16 ./source/gpio.o
 .debug_macro   0x00021014      0x1bd ./source/i2cm.o
 .debug_macro   0x000211d1      0x10e ./source/i2cm.o
 .debug_macro   0x000212df       0x8d ./source/i2cm.o
 .debug_macro   0x0002136c       0xd9 ./source/i2cm.o
 .debug_macro   0x00021445      0x136 ./source/timer.o
 .debug_macro   0x0002157b       0x28 ./source/timer.o
 .debug_macro   0x000215a3      0x248 ./source/uart_drv.o
 .debug_macro   0x000217eb       0x9c ./SDK/startup/hardware.o
 .debug_macro   0x00021887       0x9c ./SDK/startup/main.o
 .debug_macro   0x00021923       0x11 ./SDK/startup/semihost_hardfault.o
 .debug_macro   0x00021934       0x29 ./SDK/startup/startup_mk64f12.o
 .debug_macro   0x0002195d       0x80 ./SDK/CMSIS/system_MK64F12.o

.debug_line     0x00000000     0x2a4c
 .debug_line    0x00000000      0x518 ./source/App.o
 .debug_line    0x00000518      0x451 ./source/FXOS8700CQ.o
 .debug_line    0x00000969      0x1a8 ./source/SysTick.o
 .debug_line    0x00000b11      0x5e1 ./source/gpio.o
 .debug_line    0x000010f2      0x46a ./source/i2cm.o
 .debug_line    0x0000155c      0x35d ./source/timer.o
 .debug_line    0x000018b9      0x554 ./source/uart_drv.o
 .debug_line    0x00001e0d      0x1d4 ./SDK/startup/hardware.o
 .debug_line    0x00001fe1      0x173 ./SDK/startup/main.o
 .debug_line    0x00002154       0x59 ./SDK/startup/semihost_hardfault.o
 .debug_line    0x000021ad      0x6d8 ./SDK/startup/startup_mk64f12.o
 .debug_line    0x00002885      0x1c7 ./SDK/CMSIS/system_MK64F12.o

.debug_str      0x00000000    0x7da77
 .debug_str     0x00000000    0x7b8fa ./source/App.o
                              0x7bbc0 (size before relaxing)
 .debug_str     0x0007b8fa      0x98a ./source/FXOS8700CQ.o
                               0x8b2e (size before relaxing)
 .debug_str     0x0007c284       0x71 ./source/SysTick.o
                              0x77065 (size before relaxing)
 .debug_str     0x0007c2f5      0x9a0 ./source/gpio.o
                              0x7c158 (size before relaxing)
 .debug_str     0x0007cc95      0x174 ./source/i2cm.o
                              0x7ace9 (size before relaxing)
 .debug_str     0x0007ce09       0xfe ./source/timer.o
                               0x6e61 (size before relaxing)
 .debug_str     0x0007cf07      0x219 ./source/uart_drv.o
                              0x7bf75 (size before relaxing)
 .debug_str     0x0007d120      0x11b ./SDK/startup/hardware.o
                              0x77200 (size before relaxing)
 .debug_str     0x0007d23b       0x1b ./SDK/startup/main.o
                              0x76fd4 (size before relaxing)
 .debug_str     0x0007d256       0x36 ./SDK/startup/semihost_hardfault.o
                               0x2d3a (size before relaxing)
 .debug_str     0x0007d28c      0x789 ./SDK/startup/startup_mk64f12.o
                               0x35a8 (size before relaxing)
 .debug_str     0x0007da15       0x62 ./SDK/CMSIS/system_MK64F12.o
                              0x7710f (size before relaxing)

.comment        0x00000000       0x7e
 .comment       0x00000000       0x7e ./source/App.o
                                 0x7f (size before relaxing)
 .comment       0x0000007e       0x7f ./source/FXOS8700CQ.o
 .comment       0x0000007e       0x7f ./source/SysTick.o
 .comment       0x0000007e       0x7f ./source/gpio.o
 .comment       0x0000007e       0x7f ./source/i2cm.o
 .comment       0x0000007e       0x7f ./source/timer.o
 .comment       0x0000007e       0x7f ./source/uart_drv.o
 .comment       0x0000007e       0x7f ./SDK/startup/hardware.o
 .comment       0x0000007e       0x7f ./SDK/startup/main.o
 .comment       0x0000007e       0x7f ./SDK/startup/semihost_hardfault.o
 .comment       0x0000007e       0x7f ./SDK/startup/startup_mk64f12.o
 .comment       0x0000007e       0x7f ./SDK/CMSIS/system_MK64F12.o

.ARM.attributes
                0x00000000       0x37
 .ARM.attributes
                0x00000000       0x39 ./source/App.o
 .ARM.attributes
                0x00000039       0x39 ./source/FXOS8700CQ.o
 .ARM.attributes
                0x00000072       0x39 ./source/SysTick.o
 .ARM.attributes
                0x000000ab       0x39 ./source/gpio.o
 .ARM.attributes
                0x000000e4       0x39 ./source/i2cm.o
 .ARM.attributes
                0x0000011d       0x39 ./source/timer.o
 .ARM.attributes
                0x00000156       0x39 ./source/uart_drv.o
 .ARM.attributes
                0x0000018f       0x39 ./SDK/startup/hardware.o
 .ARM.attributes
                0x000001c8       0x39 ./SDK/startup/main.o
 .ARM.attributes
                0x00000201       0x39 ./SDK/startup/semihost_hardfault.o
 .ARM.attributes
                0x0000023a       0x39 ./SDK/startup/startup_mk64f12.o
 .ARM.attributes
                0x00000273       0x39 ./SDK/CMSIS/system_MK64F12.o

.debug_frame    0x00000000     0x1370
 .debug_frame   0x00000000       0xbc ./source/App.o
 .debug_frame   0x000000bc       0xf8 ./source/FXOS8700CQ.o
 .debug_frame   0x000001b4       0x64 ./source/SysTick.o
 .debug_frame   0x00000218      0x2f4 ./source/gpio.o
 .debug_frame   0x0000050c      0x13c ./source/i2cm.o
 .debug_frame   0x00000648      0x138 ./source/timer.o
 .debug_frame   0x00000780      0x1bc ./source/uart_drv.o
 .debug_frame   0x0000093c       0x70 ./SDK/startup/hardware.o
 .debug_frame   0x000009ac       0x2c ./SDK/startup/main.o
 .debug_frame   0x000009d8       0x20 ./SDK/startup/semihost_hardfault.o
 .debug_frame   0x000009f8      0x904 ./SDK/startup/startup_mk64f12.o
 .debug_frame   0x000012fc       0x74 ./SDK/CMSIS/system_MK64F12.o
